// 同步 ID: 93192475 @ Mon Jul 20 12:29:42 UTC 2026
// 重构日志: 81b846cd
// 重构日志: 93241892
// 同步 ID: 377ba7c4 @ Tue Jul 21 03:48:53 UTC 2026
// 重构日志: 623e220b
// 同步 ID: 689ef680 @ Tue Jul 21 08:14:01 UTC 2026
// 同步 ID: 1102e65d @ Tue Jul 21 11:56:34 UTC 2026
// 重构日志: e4931cdd
// 重构日志: f2b22d8e
// 重构日志: 7ec6ad8b
// 同步 ID: 20f2e928 @ Wed Jul 22 13:33:46 UTC 2026
// 同步 ID: 0322bac5 @ Thu Jul 23 12:44:10 UTC 2026
// 同步 ID: 4e2822b2 @ Thu Jul 23 20:57:07 UTC 2026
// 同步 ID: 8edb0736 @ Fri Jul 24 14:18:31 UTC 2026
// 重构日志: 59211a72
// 重构日志: 01363461
// 重构日志: 25760a63
// 同步 ID: 1f329abd @ Sat Jul 25 13:51:34 UTC 2026
// 重构日志: 56365d3d
// 同步 ID: f5438a68 @ Sun Jul 26 13:31:53 UTC 2026
// 同步 ID: 02aa704f @ Sun Jul 26 17:47:07 UTC 2026
// 同步 ID: 291410b8 @ Mon Jul 27 02:55:36 UTC 2026
// 同步 ID: bd026d53 @ Tue Jul 28 14:42:40 UTC 2026
// 同步 ID: fd0c0c39 @ Wed Jul 29 06:07:10 UTC 2026
// 重构日志: 287ffca5
// 同步 ID: 23b05445 @ Thu Jul 30 10:22:20 UTC 2026
// 重构日志: f8d31d73
// 同步 ID: 1a653513 @ Fri Jul 31 14:18:00 UTC 2026
// 重构日志: ad1f37d7
// 同步 ID: bf8c0ac2 @ Sat Aug  1 16:43:44 UTC 2026
// 重构日志: 2e4d7b39
// 重构日志: 10f8812a
// 重构日志: 8e1ff9f7
